// Jest Snapshot v1, https://goo.gl/fbAQLP

exports[`movies application shows movie list 1`] = `"<div><ul><h1>List Movies</h1></ul></div>"`;
